The location of the XDAT installation is unknown.
Please run this script from within the XDAT Installation directory.
